Microchip MPLAB XC8 Compiler V2.05 ()

Linker command line:

-W-3 --edf=C:\Program Files (x86)\Microchip\xc8\v2.05\pic\dat\en_msgs.txt \
  -cs -h+dist/default/production\controledoksp.X.production.sym \
  --cmf=dist/default/production\controledoksp.X.production.cmf -z -Q18F4520 \
  -oC:\Users\sandr\AppData\Local\Temp\s210.2 --defsym=__MPLAB_BUILD=1 \
  -Mdist/default/production/controledoksp.X.production.map -E1 -ver=XC8 \
  --acfsm=1493 -ASTACK=0D5h-05FFh -pstack=STACK -ACODE=00h-0AFFh \
  -ACONST=00h-0AFFh -ASMALLCONST=0600h-06FFhx5 -AMEDIUMCONST=0600h-0AFFh \
  -ACOMRAM=01h-07Fh -AABS1=00h-05FFh -ABIGRAM=01h-05FFh \
  -ARAM=080h-0FFh,0100h-01FFhx5 -ABANK0=080h-0FFh -ABANK1=0100h-01FFh \
  -ABANK2=0200h-02FFh -ABANK3=0300h-03FFh -ABANK4=0400h-04FFh \
  -ABANK5=0500h-05FFh -ASFR=0F80h-0FFFh \
  -preset_vec=00h,intcode=08h,intcodelo,powerup,init -pramtop=0600h \
  -psmallconst=SMALLCONST -pmediumconst=MEDIUMCONST -pconst=CONST \
  -AFARRAM=00h-00h -ACONFIG=0300000h-030000Dh -pconfig=CONFIG \
  -AIDLOC=0200000h-0200007h -pidloc=IDLOC -AEEDATA=0F00000h-0F000FFh \
  -peeprom_data=EEDATA \
  -prdata=COMRAM,nvrram=COMRAM,nvbit=COMRAM,rbss=COMRAM,rbit=COMRAM \
  -pfarbss=FARRAM,fardata=FARRAM,nvFARRAM=FARRAM \
  -pintsave_regs=BIGRAM,bigbss=BIGRAM,bigdata=BIGRAM -pbss=RAM \
  -pidata=CODE,irdata=CODE,ibigdata=CODE,ifardata=CODE -prparam=COMRAM \
  C:\Users\sandr\AppData\Local\Temp\s210.o \
  dist/default/production\controledoksp.X.production.o 

Object code version is 3.11

Machine type is 18F4520

Call graph: (short form)




                Name                               Link     Load   Length Selector   Space Scale
C:\Users\sandr\AppData\Local\Temp\s210.o
                init                                  E        E        4        4       0
                reset_vec                             0        0        4        0       0
                idloc                            200000   200000        8   200000       0
                config                           300000   300000        E   300000       0
dist/default/production\controledoksp.X.production.o
                intcode                               8        8        6        4       0
                temp                                 73       73        1        1       1
                text15                              8BC      8BC        8      376       0
                text14                              77E      77E       2E      376       0
                text13                              854      854       20      376       0
                text12                              834      834       20      376       0
                text11                              7D0      7D0       24      376       0
                text10                              8B0      8B0        C      376       0
                intcode_body                        598      598       84        4       0
                text8                               814      814       20      376       0
                text7                               61C      61C       7A        4       0
                text6                               7F4      7F4       20      376       0
                text5                               7AC      7AC       24      376       0
                text4                               8A4      8A4        C      376       0
                text3                               3B2      3B2      1E6        4       0
                text2                               88E      88E       16      376       0
                text1                               740      740       3E      376       0
                text0                                12       12      3A0        4       0
                cstackCOMRAM                          1        1       53        1       1
                dataBANK0                            80       80       55       80       1
                dataCOMRAM                           54       54       1A        1       1
                bssCOMRAM                            6E       6E        5        1       1
                cinit                               6EC      6EC       54      376       0
                idataBANK0                          696      696       55        4       0
                idataCOMRAM                         874      874       1A      376       0

TOTAL           Name                               Link     Load   Length     Space
        CLASS   STACK          

        CLASS   CODE           
                intcode                               8        8        6         0
                init                                  E        E        4         0
                reset_vec                             0        0        4         0
                text15                              8BC      8BC        8         0
                text14                              77E      77E       2E         0
                text13                              854      854       20         0
                text12                              834      834       20         0
                text11                              7D0      7D0       24         0
                text10                              8B0      8B0        C         0
                intcode_body                        598      598       84         0
                text8                               814      814       20         0
                text7                               61C      61C       7A         0
                text6                               7F4      7F4       20         0
                text5                               7AC      7AC       24         0
                text4                               8A4      8A4        C         0
                text3                               3B2      3B2      1E6         0
                text2                               88E      88E       16         0
                text1                               740      740       3E         0
                text0                                12       12      3A0         0
                cinit                               6EC      6EC       54         0
                idataBANK0                          696      696       55         0
                idataCOMRAM                         874      874       1A         0

        CLASS   CONST          

        CLASS   SMALLCONST     

        CLASS   MEDIUMCONST    

        CLASS   COMRAM         
                temp                                 73       73        1         1
                cstackCOMRAM                          1        1       53         1
                dataCOMRAM                           54       54       1A         1
                bssCOMRAM                            6E       6E        5         1

        CLASS   ABS1           

        CLASS   BIGRAM         

        CLASS   RAM            

        CLASS   BANK0          
                dataBANK0                            80       80       55         1

        CLASS   BANK1          

        CLASS   BANK2          

        CLASS   BANK3          

        CLASS   BANK4          

        CLASS   BANK5          

        CLASS   SFR            

        CLASS   FARRAM         

        CLASS   CONFIG         
                config                           300000   300000        E         0

        CLASS   IDLOC          
                idloc                            200000   200000        8         0

        CLASS   EEDATA         



SEGMENTS        Name                           Load    Length   Top    Selector   Space  Class

                reset_vec                      000000  000004  000004         0       0  CODE    
                cstackCOMRAM                   000001  000073  000074         1       1  COMRAM  
                intcode                        000008  0006E3  0006EB         4       0  CODE    
                dataBANK0                      000080  000055  0000D5        80       1  BANK0   
                cinit                          0006EC  0001D8  0008C4       376       0  CODE    
                idloc                          200000  000008  200008    200000       0  IDLOC   
                config                         300000  00000E  30000E    300000       0  CONFIG  


UNUSED ADDRESS RANGES

        Name                Unused          Largest block    Delta
        BANK0            0000D5-0000FF               2B
        BANK1            000100-0001FF              100
        BANK2            000200-0002FF              100
        BANK3            000300-0003FF              100
        BANK4            000400-0004FF              100
        BANK5            000500-0005FF              100
        BIGRAM           000074-00007F                C
                         0000D5-0005FF              52B
        CODE             000004-000007                4
                         0006EB-0006EB                1
                         0008C4-000AFF              23C
        COMRAM           000074-00007F                C
        CONST            000004-000007                4
                         0006EB-0006EB                1
                         0008C4-000AFF              23C
        EEDATA           F00000-F000FF              100
        MEDIUMCONST      0006EB-0006EB                1
                         0008C4-000AFF              23C
        RAM              0000D5-0005FF              100
        SFR              000F80-000FFF               80
        SMALLCONST       0006EB-0006EB                1
                         0008C4-000AFF              100
        STACK            0000D5-0005FF              52B

                                  Symbol Table

LCD_Cmd@command            cstackCOMRAM 00000B
LCD_Write@Data             cstackCOMRAM 00000B
LCD_Write_Text@msg         cstackCOMRAM 00000C
UART_Read_Text@Output      cstackCOMRAM 000001
UART_Read_Text@i_758       cstackCOMRAM 000005
UART_Read_Text@length      cstackCOMRAM 000003
UART_Write@data            cstackCOMRAM 00000A
_ADCON0                    (abs)        000FC2
_ADCON1                    (abs)        000FC1
_ADCON2                    (abs)        000FC0
_ADRESH                    (abs)        000FC4
_BRG16                     (abs)        007DC3
_BRGH                      (abs)        007D62
_CREN                      (abs)        007D5C
_INTCON3bits               (abs)        000FF0
_INTCONbits                (abs)        000FF2
_LCD_Cmd                   text8        000814
_LCD_Init                  text7        00061C
_LCD_Write                 text6        0007F4
_LCD_Write_Text            text5        0007AC
_PORTAbits                 (abs)        000F80
_PORTBbits                 (abs)        000F81
_PORTCbits                 (abs)        000F82
_PORTD                     (abs)        000F83
_PORTEbits                 (abs)        000F84
_RCIF                      (abs)        007CF5
_RCREG                     (abs)        000FAE
_SPBRG                     (abs)        000FAF
_SPEN                      (abs)        007D5F
_SYNC                      (abs)        007D64
_T0CON                     (abs)        000FD5
_TMR0H                     (abs)        000FD7
_TMR0L                     (abs)        000FD6
_TRISA                     (abs)        000F92
_TRISAbits                 (abs)        000F92
_TRISB                     (abs)        000F93
_TRISC                     (abs)        000F94
_TRISC6                    (abs)        007CA6
_TRISC7                    (abs)        007CA7
_TRISCbits                 (abs)        000F94
_TRISD                     (abs)        000F95
_TRISEbits                 (abs)        000F96
_TRMT                      (abs)        007D61
_TXEN                      (abs)        007D65
_TXREG                     (abs)        000FAD
_TrataInt                  intcode      000008
_UART_Leitura              text15       0008BC
_UART_Read_Text            text14       00077E
_UART_Write                text4        0008A4
__HRAM                     (abs)        000000
__Habs1                    abs1         000000
__Hbank0                   bank0        000000
__Hbank1                   bank1        000000
__Hbank2                   bank2        000000
__Hbank3                   bank3        000000
__Hbank4                   bank4        000000
__Hbank5                   bank5        000000
__Hbigbss                  bigbss       000000
__Hbigdata                 bigdata      000000
__Hbigram                  bigram       000000
__Hbss                     bss          000000
__HbssCOMRAM               bssCOMRAM    000000
__Hcinit                   cinit        000000
__Hclrtext                 clrtext      000000
__Hcomram                  comram       000000
__Hconfig                  config       30000E
__Hconst                   const        000000
__HcstackCOMRAM            cstackCOMRAM 000000
__Hdata                    data         000000
__HdataBANK0               dataBANK0    000000
__HdataCOMRAM              dataCOMRAM   000000
__Heeprom_data             eeprom_data  000000
__Hfarbss                  farbss       000000
__Hfardata                 fardata      000000
__Hibigdata                ibigdata     000000
__Hidata                   idata        000000
__HidataBANK0              idataBANK0   000000
__HidataCOMRAM             idataCOMRAM  000000
__Hidloc                   idloc        200008
__Hifardata                ifardata     000000
__Hinit                    init         000012
__Hintcode                 intcode      00000E
__Hintcode_body            intcode_body 000000
__Hintcodelo               intcodelo    00000E
__Hintentry                intentry     000000
__Hintret                  intret       000000
__Hintsave_regs            intsave_regs 000000
__Hirdata                  irdata       000000
__Hmediumconst             mediumconst  000000
__HnvFARRAM                nvFARRAM     000000
__Hnvbit                   nvbit        000000
__Hnvrram                  nvrram       000000
__Hparam                   rparam       000000
__Hpowerup                 powerup      00000E
__Hram                     ram          000000
__Hramtop                  ramtop       000600
__Hrbit                    rbit         000000
__Hrbss                    rbss         000000
__Hrdata                   rdata        000000
__Hreset_vec               reset_vec    000004
__Hrparam                  rparam       000000
__Hsfr                     sfr          000000
__Hsmallconst              smallconst   000000
__Hspace_0                 (abs)        30000E
__Hspace_1                 (abs)        0000D5
__Hspace_2                 (abs)        000000
__Hstack                   stack        000000
__Hstruct                  struct       000000
__Htemp                    temp         000074
__Htext                    text         000000
__Htext0                   text0        000000
__Htext1                   text1        000000
__Htext10                  text10       000000
__Htext11                  text11       000000
__Htext12                  text12       000000
__Htext13                  text13       000000
__Htext14                  text14       000000
__Htext15                  text15       000000
__Htext2                   text2        000000
__Htext3                   text3        000000
__Htext4                   text4        000000
__Htext5                   text5        000000
__Htext6                   text6        000000
__Htext7                   text7        000000
__Htext8                   text8        000000
__LRAM                     (abs)        000001
__Labs1                    abs1         000000
__Lbank0                   bank0        000000
__Lbank1                   bank1        000000
__Lbank2                   bank2        000000
__Lbank3                   bank3        000000
__Lbank4                   bank4        000000
__Lbank5                   bank5        000000
__Lbigbss                  bigbss       000000
__Lbigdata                 bigdata      000000
__Lbigram                  bigram       000000
__Lbss                     bss          000000
__LbssCOMRAM               bssCOMRAM    000000
__Lcinit                   cinit        000000
__Lclrtext                 clrtext      000000
__Lcomram                  comram       000000
__Lconfig                  config       300000
__Lconst                   const        000000
__LcstackCOMRAM            cstackCOMRAM 000000
__Ldata                    data         000000
__LdataBANK0               dataBANK0    000000
__LdataCOMRAM              dataCOMRAM   000000
__Leeprom_data             eeprom_data  000000
__Lfarbss                  farbss       000000
__Lfardata                 fardata      000000
__Libigdata                ibigdata     000000
__Lidata                   idata        000000
__LidataBANK0              idataBANK0   000000
__LidataCOMRAM             idataCOMRAM  000000
__Lidloc                   idloc        200000
__Lifardata                ifardata     000000
__Linit                    init         00000E
__Lintcode                 intcode      000008
__Lintcode_body            intcode_body 000000
__Lintcodelo               intcodelo    00000E
__Lintentry                intentry     000000
__Lintret                  intret       000000
__Lintsave_regs            intsave_regs 000000
__Lirdata                  irdata       000000
__Lmediumconst             mediumconst  000000
__LnvFARRAM                nvFARRAM     000000
__Lnvbit                   nvbit        000000
__Lnvrram                  nvrram       000000
__Lparam                   rparam       000000
__Lpowerup                 powerup      00000E
__Lram                     ram          000000
__Lramtop                  ramtop       000600
__Lrbit                    rbit         000000
__Lrbss                    rbss         000000
__Lrdata                   rdata        000000
__Lreset_vec               reset_vec    000000
__Lrparam                  rparam       000000
__Lsfr                     sfr          000000
__Lsmallconst              smallconst   000000
__Lspace_0                 (abs)        000000
__Lspace_1                 (abs)        000000
__Lspace_2                 (abs)        000000
__Lstack                   stack        000000
__Lstruct                  struct       000000
__Ltemp                    temp         000073
__Ltext                    text         000000
__Ltext0                   text0        000000
__Ltext1                   text1        000000
__Ltext10                  text10       000000
__Ltext11                  text11       000000
__Ltext12                  text12       000000
__Ltext13                  text13       000000
__Ltext14                  text14       000000
__Ltext15                  text15       000000
__Ltext2                   text2        000000
__Ltext3                   text3        000000
__Ltext4                   text4        000000
__Ltext5                   text5        000000
__Ltext6                   text6        000000
__Ltext7                   text7        000000
__Ltext8                   text8        000000
__S0                       (abs)        30000E
__S1                       (abs)        0000D5
__S2                       (abs)        000000
___inthi_sp                stack        000000
___intlo_sp                stack        000000
___param_bank              (abs)        000000
___rparam_used             (abs)        000001
___sp                      stack        000000
__accesstop                (abs)        000080
__activetblptr             (abs)        000000
__end_of_LCD_Cmd           text8        000834
__end_of_LCD_Init          text7        000696
__end_of_LCD_Write         text6        000814
__end_of_LCD_Write_Text    text5        0007D0
__end_of_TrataInt          intcode_body 00061C
__end_of_UART_Leitura      text15       0008C4
__end_of_UART_Read_Text    text14       0007AC
__end_of_UART_Write        text4        0008B0
__end_of__initialization   cinit        000736
__end_of_leds_status       text3        000598
__end_of_main              text0        0003B2
__end_of_startUSART        text2        0008A4
__end_of_teste_leds        text1        00077E
__end_ofi2_LCD_Cmd         text13       000874
__end_ofi2_LCD_Write       text12       000854
__end_ofi2_LCD_Write_Text  text11       0007F4
__end_ofi2_UART_Write      text10       0008BC
__initialization           cinit        0006EC
__mediumconst              mediumconst  000000
__pbssCOMRAM               bssCOMRAM    00006E
__pcinit                   cinit        0006EC
__pcstackCOMRAM            cstackCOMRAM 000001
__pdataBANK0               dataBANK0    000080
__pdataCOMRAM              dataCOMRAM   000054
__pidataBANK0              idataBANK0   000696
__pidataCOMRAM             idataCOMRAM  000874
__pintcode                 intcode      000008
__pintcode_body            intcode_body 000598
__ptext0                   text0        000012
__ptext1                   text1        000740
__ptext10                  text10       0008B0
__ptext11                  text11       0007D0
__ptext12                  text12       000834
__ptext13                  text13       000854
__ptext14                  text14       00077E
__ptext15                  text15       0008BC
__ptext2                   text2        00088E
__ptext3                   text3        0003B2
__ptext4                   text4        0008A4
__ptext5                   text5        0007AC
__ptext6                   text6        0007F4
__ptext7                   text7        00061C
__ptext8                   text8        000814
__ramtop                   ramtop       000600
__size_of_LCD_Cmd          (abs)        000000
__size_of_LCD_Init         (abs)        000000
__size_of_LCD_Write        (abs)        000000
__size_of_LCD_Write_Text   (abs)        000000
__size_of_TrataInt         (abs)        000000
__size_of_UART_Leitura     (abs)        000000
__size_of_UART_Read_Text   (abs)        000000
__size_of_UART_Write       (abs)        000000
__size_of_leds_status      (abs)        000000
__size_of_main             (abs)        000000
__size_of_startUSART       (abs)        000000
__size_of_teste_leds       (abs)        000000
__size_ofi2_LCD_Cmd        (abs)        000000
__size_ofi2_LCD_Write      (abs)        000000
__size_ofi2_LCD_Write_Text (abs)        000000
__size_ofi2_UART_Write     (abs)        000000
__smallconst               smallconst   000000
_aceleracao                bssCOMRAM    000072
_buffer0                   dataBANK0    0000C4
_leds_status               text3        0003B2
_leitura                   dataCOMRAM   00005E
_main                      text0        000012
_movX                      bssCOMRAM    000071
_movY                      bssCOMRAM    000070
_startUSART                text2        00088E
_stt_AC                    dataCOMRAM   000057
_stt_EMER                  dataCOMRAM   000058
_stt_ESTAGIO_1             dataCOMRAM   000056
_stt_LUZ                   dataCOMRAM   00005D
_stt_PRN1                  dataCOMRAM   00005A
_stt_PRN2                  dataCOMRAM   000059
_stt_RCS                   dataCOMRAM   00005B
_stt_SAS                   dataCOMRAM   00005C
_stt_X                     dataCOMRAM   000055
_stt_Y                     dataCOMRAM   000054
_teste_leds                text1        000740
_x                         bssCOMRAM    00006E
btemp                      temp         000073
end_of_initialization      cinit        000736
i2LCD_Cmd@command          cstackCOMRAM 000002
i2LCD_Write@Data           cstackCOMRAM 000002
i2LCD_Write_Text@msg       cstackCOMRAM 000003
i2UART_Write@data          cstackCOMRAM 000001
i2_LCD_Cmd                 text13       000854
i2_LCD_Write               text12       000834
i2_LCD_Write_Text          text11       0007D0
i2_UART_Write              text10       0008B0
int$flags                  temp         000073
int_func                   intcode_body 000598
intlevel0                  text         000000
intlevel1                  text         000000
intlevel2                  text         000000
intlevel3                  text         000000
main@F2563                 dataBANK0    0000B3
main@F2565                 dataBANK0    0000A2
main@F2567                 dataBANK0    000091
main@F2569                 dataBANK0    000080
main@buffer                cstackCOMRAM 000010
main@buffer2               cstackCOMRAM 000021
main@buffer3               cstackCOMRAM 000032
main@buffer4               cstackCOMRAM 000043
stackhi                    (abs)        0005FF
stacklo                    (abs)        0000D5
start                      init         00000E
start_initialization       cinit        0006EC
ttemp5                     temp         000074
ttemp6                     temp         000077
ttemp7                     temp         00007B
wtemp8                     temp         000074


FUNCTION INFORMATION:

 *************** function _main *****************
 Defined at:
		line 160 in file "newmain.c"
 Parameters:    Size  Location     Type
		None
 Auto vars:     Size  Location     Type
  buffer4        17   66[COMRAM] unsigned char [17]
  buffer3        17   49[COMRAM] unsigned char [17]
  buffer2        17   32[COMRAM] unsigned char [17]
  buffer         17   15[COMRAM] unsigned char [17]
 Return value:  Size  Location     Type
                  1    wreg      void 
 Registers used:
		wreg, fsr1l, fsr1h, fsr2l, fsr2h, status,2, status,0, cstack
 Tracked objects:
		On entry : 
		On exit  : 
		Unchanged: 
 Data sizes:     COMRAM   BANK0   BANK1   BANK2   BANK3   BANK4   BANK5
      Params:         0       0       0       0       0       0       0
      Locals:        68       0       0       0       0       0       0
      Temps:          2       0       0       0       0       0       0
      Totals:        70       0       0       0       0       0       0
Total ram usage:       70 bytes
 Hardware stack levels required when called:    5
 This function calls:
		_LCD_Cmd
		_LCD_Init
		_LCD_Write_Text
		_UART_Write
		_leds_status
		_startUSART
		_teste_leds
 This function is called by:
		Startup code after reset
 This function uses a non-reentrant model


 *************** function _teste_leds *****************
 Defined at:
		line 398 in file "newmain.c"
 Parameters:    Size  Location     Type
		None
 Auto vars:     Size  Location     Type
		None
 Return value:  Size  Location     Type
                  1    wreg      void 
 Registers used:
		wreg
 Tracked objects:
		On entry : 
		On exit  : 
		Unchanged: 
 Data sizes:     COMRAM   BANK0   BANK1   BANK2   BANK3   BANK4   BANK5
      Params:         0       0       0       0       0       0       0
      Locals:         0       0       0       0       0       0       0
      Temps:          2       0       0       0       0       0       0
      Totals:         2       0       0       0       0       0       0
Total ram usage:        2 bytes
 Hardware stack levels used:    1
 Hardware stack levels required when called:    3
 This function calls:
		Nothing
 This function is called by:
		_main
 This function uses a non-reentrant model


 *************** function _startUSART *****************
 Defined at:
		line 424 in file "newmain.c"
 Parameters:    Size  Location     Type
		None
 Auto vars:     Size  Location     Type
		None
 Return value:  Size  Location     Type
                  1    wreg      unsigned char 
 Registers used:
		wreg, status,2
 Tracked objects:
		On entry : 
		On exit  : 
		Unchanged: 
 Data sizes:     COMRAM   BANK0   BANK1   BANK2   BANK3   BANK4   BANK5
      Params:         0       0       0       0       0       0       0
      Locals:         0       0       0       0       0       0       0
      Temps:          0       0       0       0       0       0       0
      Totals:         0       0       0       0       0       0       0
Total ram usage:        0 bytes
 Hardware stack levels used:    1
 Hardware stack levels required when called:    3
 This function calls:
		Nothing
 This function is called by:
		_main
 This function uses a non-reentrant model


 *************** function _leds_status *****************
 Defined at:
		line 328 in file "newmain.c"
 Parameters:    Size  Location     Type
		None
 Auto vars:     Size  Location     Type
		None
 Return value:  Size  Location     Type
                  1    wreg      void 
 Registers used:
		wreg, status,2, status,0
 Tracked objects:
		On entry : 
		On exit  : 
		Unchanged: 
 Data sizes:     COMRAM   BANK0   BANK1   BANK2   BANK3   BANK4   BANK5
      Params:         0       0       0       0       0       0       0
      Locals:         0       0       0       0       0       0       0
      Temps:          2       0       0       0       0       0       0
      Totals:         2       0       0       0       0       0       0
Total ram usage:        2 bytes
 Hardware stack levels used:    1
 Hardware stack levels required when called:    3
 This function calls:
		Nothing
 This function is called by:
		_main
 This function uses a non-reentrant model


 *************** function _UART_Write *****************
 Defined at:
		line 437 in file "newmain.c"
 Parameters:    Size  Location     Type
  data            1    wreg     unsigned char 
 Auto vars:     Size  Location     Type
  data            1    9[COMRAM] unsigned char 
 Return value:  Size  Location     Type
                  1    wreg      void 
 Registers used:
		wreg
 Tracked objects:
		On entry : 
		On exit  : 
		Unchanged: 
 Data sizes:     COMRAM   BANK0   BANK1   BANK2   BANK3   BANK4   BANK5
      Params:         0       0       0       0       0       0       0
      Locals:         1       0       0       0       0       0       0
      Temps:          0       0       0       0       0       0       0
      Totals:         1       0       0       0       0       0       0
Total ram usage:        1 bytes
 Hardware stack levels used:    1
 Hardware stack levels required when called:    3
 This function calls:
		Nothing
 This function is called by:
		_main
		_transmissao
 This function uses a non-reentrant model


 *************** function _LCD_Write_Text *****************
 Defined at:
		line 129 in file "newmain.c"
 Parameters:    Size  Location     Type
  msg             2   11[COMRAM] PTR unsigned char 
		 -> main@buffer4(17), main@buffer3(17), main@buffer2(17), main@buffer(17), 
		 -> leitura(16), 
 Auto vars:     Size  Location     Type
		None
 Return value:  Size  Location     Type
                  1    wreg      void 
 Registers used:
		wreg, fsr2l, fsr2h, status,2, status,0, cstack
 Tracked objects:
		On entry : 
		On exit  : 
		Unchanged: 
 Data sizes:     COMRAM   BANK0   BANK1   BANK2   BANK3   BANK4   BANK5
      Params:         2       0       0       0       0       0       0
      Locals:         0       0       0       0       0       0       0
      Temps:          0       0       0       0       0       0       0
      Totals:         2       0       0       0       0       0       0
Total ram usage:        2 bytes
 Hardware stack levels used:    1
 Hardware stack levels required when called:    4
 This function calls:
		_LCD_Write
 This function is called by:
		_main
 This function uses a non-reentrant model


 *************** function _LCD_Write *****************
 Defined at:
		line 120 in file "newmain.c"
 Parameters:    Size  Location     Type
  Data            1    wreg     unsigned char 
 Auto vars:     Size  Location     Type
  Data            1   10[COMRAM] unsigned char 
 Return value:  Size  Location     Type
                  1    wreg      void 
 Registers used:
		wreg, status,2, cstack
 Tracked objects:
		On entry : 
		On exit  : 
		Unchanged: 
 Data sizes:     COMRAM   BANK0   BANK1   BANK2   BANK3   BANK4   BANK5
      Params:         0       0       0       0       0       0       0
      Locals:         1       0       0       0       0       0       0
      Temps:          1       0       0       0       0       0       0
      Totals:         2       0       0       0       0       0       0
Total ram usage:        2 bytes
 Hardware stack levels used:    1
 Hardware stack levels required when called:    3
 This function calls:
		Nothing
 This function is called by:
		_LCD_Write_Text
 This function uses a non-reentrant model


 *************** function _LCD_Init *****************
 Defined at:
		line 102 in file "newmain.c"
 Parameters:    Size  Location     Type
		None
 Auto vars:     Size  Location     Type
		None
 Return value:  Size  Location     Type
                  1    wreg      void 
 Registers used:
		wreg, status,2, cstack
 Tracked objects:
		On entry : 
		On exit  : 
		Unchanged: 
 Data sizes:     COMRAM   BANK0   BANK1   BANK2   BANK3   BANK4   BANK5
      Params:         0       0       0       0       0       0       0
      Locals:         0       0       0       0       0       0       0
      Temps:          1       0       0       0       0       0       0
      Totals:         1       0       0       0       0       0       0
Total ram usage:        1 bytes
 Hardware stack levels used:    1
 Hardware stack levels required when called:    4
 This function calls:
		_LCD_Cmd
 This function is called by:
		_main
 This function uses a non-reentrant model


 *************** function _LCD_Cmd *****************
 Defined at:
		line 93 in file "newmain.c"
 Parameters:    Size  Location     Type
  command         1    wreg     unsigned char 
 Auto vars:     Size  Location     Type
  command         1   10[COMRAM] unsigned char 
 Return value:  Size  Location     Type
                  1    wreg      void 
 Registers used:
		wreg, status,2, cstack
 Tracked objects:
		On entry : 
		On exit  : 
		Unchanged: 
 Data sizes:     COMRAM   BANK0   BANK1   BANK2   BANK3   BANK4   BANK5
      Params:         0       0       0       0       0       0       0
      Locals:         1       0       0       0       0       0       0
      Temps:          1       0       0       0       0       0       0
      Totals:         2       0       0       0       0       0       0
Total ram usage:        2 bytes
 Hardware stack levels used:    1
 Hardware stack levels required when called:    3
 This function calls:
		Nothing
 This function is called by:
		_LCD_Init
		_main
 This function uses a non-reentrant model


 *************** function _TrataInt *****************
 Defined at:
		line 139 in file "newmain.c"
 Parameters:    Size  Location     Type
		None
 Auto vars:     Size  Location     Type
		None
 Return value:  Size  Location     Type
                  1    wreg      void 
 Registers used:
		wreg, fsr2l, fsr2h, status,2, status,0, cstack
 Tracked objects:
		On entry : 
		On exit  : 
		Unchanged: 
 Data sizes:     COMRAM   BANK0   BANK1   BANK2   BANK3   BANK4   BANK5
      Params:         0       0       0       0       0       0       0
      Locals:         0       0       0       0       0       0       0
      Temps:          3       0       0       0       0       0       0
      Totals:         3       0       0       0       0       0       0
Total ram usage:        3 bytes
 Hardware stack levels used:    1
 Hardware stack levels required when called:    2
 This function calls:
		_UART_Read_Text
		i2_LCD_Cmd
		i2_LCD_Write_Text
		i2_UART_Write
 This function is called by:
		Interrupt level 2
 This function uses a non-reentrant model


 *************** function i2_UART_Write *****************
 Defined at:
		line 437 in file "newmain.c"
 Parameters:    Size  Location     Type
  data            1    wreg     unsigned char 
 Auto vars:     Size  Location     Type
  data            1    0[COMRAM] unsigned char 
 Return value:  Size  Location     Type
                  1    wreg      void 
 Registers used:
		wreg
 Tracked objects:
		On entry : 
		On exit  : 
		Unchanged: 
 Data sizes:     COMRAM   BANK0   BANK1   BANK2   BANK3   BANK4   BANK5
      Params:         0       0       0       0       0       0       0
      Locals:         1       0       0       0       0       0       0
      Temps:          0       0       0       0       0       0       0
      Totals:         1       0       0       0       0       0       0
Total ram usage:        1 bytes
 Hardware stack levels used:    1
 This function calls:
		Nothing
 This function is called by:
		_TrataInt
 This function uses a non-reentrant model


 *************** function i2_LCD_Write_Text *****************
 Defined at:
		line 129 in file "newmain.c"
 Parameters:    Size  Location     Type
  msg             2    2[COMRAM] PTR unsigned char 
		 -> main@buffer4(17), main@buffer3(17), main@buffer2(17), main@buffer(17), 
		 -> leitura(16), 
 Auto vars:     Size  Location     Type
		None
 Return value:  Size  Location     Type
                  1    wreg      void 
 Registers used:
		wreg, fsr2l, fsr2h, status,2, status,0, cstack
 Tracked objects:
		On entry : 
		On exit  : 
		Unchanged: 
 Data sizes:     COMRAM   BANK0   BANK1   BANK2   BANK3   BANK4   BANK5
      Params:         2       0       0       0       0       0       0
      Locals:         0       0       0       0       0       0       0
      Temps:          0       0       0       0       0       0       0
      Totals:         2       0       0       0       0       0       0
Total ram usage:        2 bytes
 Hardware stack levels used:    1
 Hardware stack levels required when called:    1
 This function calls:
		i2_LCD_Write
 This function is called by:
		_TrataInt
 This function uses a non-reentrant model


 *************** function i2_LCD_Write *****************
 Defined at:
		line 120 in file "newmain.c"
 Parameters:    Size  Location     Type
  Data            1    wreg     unsigned char 
 Auto vars:     Size  Location     Type
  Data            1    1[COMRAM] unsigned char 
 Return value:  Size  Location     Type
                  1    wreg      void 
 Registers used:
		wreg, status,2, cstack
 Tracked objects:
		On entry : 
		On exit  : 
		Unchanged: 
 Data sizes:     COMRAM   BANK0   BANK1   BANK2   BANK3   BANK4   BANK5
      Params:         0       0       0       0       0       0       0
      Locals:         1       0       0       0       0       0       0
      Temps:          1       0       0       0       0       0       0
      Totals:         2       0       0       0       0       0       0
Total ram usage:        2 bytes
 Hardware stack levels used:    1
 This function calls:
		Nothing
 This function is called by:
		i2_LCD_Write_Text
 This function uses a non-reentrant model


 *************** function i2_LCD_Cmd *****************
 Defined at:
		line 93 in file "newmain.c"
 Parameters:    Size  Location     Type
  command         1    wreg     unsigned char 
 Auto vars:     Size  Location     Type
  command         1    1[COMRAM] unsigned char 
 Return value:  Size  Location     Type
                  1    wreg      void 
 Registers used:
		wreg, status,2, cstack
 Tracked objects:
		On entry : 
		On exit  : 
		Unchanged: 
 Data sizes:     COMRAM   BANK0   BANK1   BANK2   BANK3   BANK4   BANK5
      Params:         0       0       0       0       0       0       0
      Locals:         1       0       0       0       0       0       0
      Temps:          1       0       0       0       0       0       0
      Totals:         2       0       0       0       0       0       0
Total ram usage:        2 bytes
 Hardware stack levels used:    1
 This function calls:
		Nothing
 This function is called by:
		_TrataInt
 This function uses a non-reentrant model


 *************** function _UART_Read_Text *****************
 Defined at:
		line 457 in file "newmain.c"
 Parameters:    Size  Location     Type
  Output          2    0[COMRAM] PTR unsigned char 
		 -> leitura(16), 
  length          2    2[COMRAM] unsigned int 
 Auto vars:     Size  Location     Type
  i               2    4[COMRAM] int 
  i               2    0        unsigned int 
 Return value:  Size  Location     Type
                  1    wreg      void 
 Registers used:
		wreg, fsr2l, fsr2h, status,2, status,0, cstack
 Tracked objects:
		On entry : 
		On exit  : 
		Unchanged: 
 Data sizes:     COMRAM   BANK0   BANK1   BANK2   BANK3   BANK4   BANK5
      Params:         4       0       0       0       0       0       0
      Locals:         2       0       0       0       0       0       0
      Temps:          0       0       0       0       0       0       0
      Totals:         6       0       0       0       0       0       0
Total ram usage:        6 bytes
 Hardware stack levels used:    1
 Hardware stack levels required when called:    1
 This function calls:
		_UART_Leitura
 This function is called by:
		_TrataInt
 This function uses a non-reentrant model


 *************** function _UART_Leitura *****************
 Defined at:
		line 451 in file "newmain.c"
 Parameters:    Size  Location     Type
		None
 Auto vars:     Size  Location     Type
		None
 Return value:  Size  Location     Type
                  1    wreg      unsigned char 
 Registers used:
		wreg, status,2
 Tracked objects:
		On entry : 
		On exit  : 
		Unchanged: 
 Data sizes:     COMRAM   BANK0   BANK1   BANK2   BANK3   BANK4   BANK5
      Params:         0       0       0       0       0       0       0
      Locals:         0       0       0       0       0       0       0
      Temps:          0       0       0       0       0       0       0
      Totals:         0       0       0       0       0       0       0
Total ram usage:        0 bytes
 Hardware stack levels used:    1
 This function calls:
		Nothing
 This function is called by:
		_UART_Read_Text
 This function uses a non-reentrant model



MODULE INFORMATION

Module		Function		Class		Link	Load	Size
newmain.c
		_TrataInt      		CODE           	0008	0000	139
		_LCD_Init      		CODE           	061C	0000	123
		_startUSART    		CODE           	088E	0000	23
		_LCD_Write_Text		CODE           	07AC	0000	37
		_UART_Leitura  		CODE           	08BC	0000	9
		_LCD_Cmd       		CODE           	0814	0000	33
		_main          		CODE           	0012	0000	929
		_leds_status   		CODE           	03B2	0000	487
		_UART_Read_Text		CODE           	077E	0000	47
		_teste_leds    		CODE           	0740	0000	63
		_UART_Write    		CODE           	08A4	0000	13
		_LCD_Write     		CODE           	07F4	0000	33

newmain.c estimated size: 1936

shared
		i2_LCD_Write_Text		CODE           	07D0	0000	37
		i2_LCD_Cmd     		CODE           	0854	0000	33
		i2_UART_Write  		CODE           	08B0	0000	13
		__initialization		CODE           	06EC	0000	75
		i2_LCD_Write   		CODE           	0834	0000	33

shared estimated size: 191

